============================================================
GSP Solver - Unified Entry Point
============================================================

Mode: sweep

============================================================
GSP Solver - Phase 1: Sweep
============================================================

Loaded segmented input: 13 segments, 6573.19 nm total
Sweep parameters: l1seg=0 l2seg=60 max_iterations=100 time_limit=0
Set parameter Username
Set parameter LicenseID to value 2769518
Academic license - for non-commercial use only - expires 2027-01-23
Wrote initial sweep snapshot: init 6573.19 nm feasible=true
Starting sweep pass1 across 13 boundaries
  pass1 boundary 1/13: seg1=40 stations -> seg2=6 stations via port_id=7 name=Ólafsvík loc_id=7
    improved: 724.30 -> 661.40 nm, gain=62.90 nm, moved_station_marks=28
  pass1 boundary 2/13: seg2=20 stations -> seg3=10 stations via port_id=2 name=Grindarvík loc_id=2
    no change
  pass1 boundary 3/13: seg3=10 stations -> seg4=34 stations via port_id=2 name=Grindarvík loc_id=2
    no change
  pass1 boundary 4/13: seg4=34 stations -> seg5=14 stations via port_id=1 name=Vestmannaeyjar loc_id=1
    improved: 589.25 -> 574.23 nm, gain=15.02 nm, moved_station_marks=6
  pass1 boundary 5/13: seg5=17 stations -> seg6=45 stations via port_id=1 name=Vestmannaeyjar loc_id=1
    no change
  pass1 boundary 6/13: seg6=45 stations -> seg7=121 stations via port_id=9 name=Eskifjörður loc_id=9
    no change
  pass1 boundary 7/13: seg7=121 stations -> seg8=53 stations via port_id=23 name=Raufarhöfn loc_id=23
    no change
  pass1 boundary 8/13: seg8=53 stations -> seg9=88 stations via port_id=21 name=Siglufjörður loc_id=21
    no change
  pass1 boundary 9/13: seg9=88 stations -> seg10=63 stations via port_id=19 name=Ísafjörður loc_id=19
    no change
  pass1 boundary 10/13: seg10=63 stations -> seg11=53 stations via port_id=19 name=Ísafjörður loc_id=19
    no change
  pass1 boundary 11/13: seg11=53 stations -> seg12=33 stations via port_id=12 name=Patreksfjörður loc_id=12
    no change
  pass1 boundary 12/13: seg12=33 stations -> seg13=20 stations via port_id=7 name=Ólafsvík loc_id=7
    no change
  pass1 boundary 13/13: seg13=20 stations -> seg1=26 stations via port_id=5 name=Hafnarfjörður loc_id=5
    no change
Completed pass1: changed=1 boundary_changes=2 total_distance=6495.27 runtime=524.45s total=587.07s
Starting sweep pass2 across 13 boundaries
  pass2 boundary 1/13: seg1=26 stations -> seg2=20 stations via port_id=7 name=Ólafsvík loc_id=7
    improved: 661.40 -> 637.83 nm, gain=23.57 nm, moved_station_marks=12
  pass2 boundary 2/13: seg2=14 stations -> seg3=10 stations via port_id=2 name=Grindarvík loc_id=2
    no change
  pass2 boundary 3/13: seg3=10 stations -> seg4=31 stations via port_id=2 name=Grindarvík loc_id=2
    no change
  pass2 boundary 4/13: seg4=31 stations -> seg5=17 stations via port_id=1 name=Vestmannaeyjar loc_id=1
    no change
  pass2 boundary 13/13: seg13=20 stations -> seg1=32 stations via port_id=5 name=Hafnarfjörður loc_id=5
    no change
Completed pass2: changed=1 boundary_changes=1 total_distance=6471.70 runtime=64.43s total=759.52s
Starting sweep pass3 across 13 boundaries
  pass3 boundary 1/13: seg1=32 stations -> seg2=14 stations via port_id=7 name=Ólafsvík loc_id=7
    no change
Completed pass3: changed=0 boundary_changes=0 total_distance=6471.70 runtime=9.79s total=897.43s
Final segment station order:
  seg1: [501, 500, 502, 503, 504, 488, 487, 486, 485, 461, 462, 484, 463, 483, 482, 489, 490, 491, 492, 493, 477, 480, 481, 479, 474, 473, 475, 478, 476, 115, 116, 117]
  seg2: [118, 119, 120, 121, 122, 472, 471, 470, 469, 468, 467, 466, 465, 464]
  seg3: [451, 452, 453, 454, 455, 456, 457, 458, 459, 460]
  seg4: [506, 443, 444, 505, 450, 449, 448, 447, 446, 445, 439, 440, 441, 442, 507, 508, 509, 510, 511, 514, 513, 512, 435, 436, 437, 438, 434, 433, 432, 431, 430]
  seg5: [515, 516, 520, 521, 580, 579, 525, 524, 526, 523, 522, 519, 518, 517, 427, 428, 429]
  seg6: [578, 575, 577, 527, 528, 529, 530, 531, 532, 533, 576, 574, 573, 571, 570, 569, 572, 534, 535, 536, 537, 538, 539, 544, 540, 543, 542, 541, 545, 546, 547, 549, 548, 550, 551, 552, 553, 554, 562, 563, 564, 565, 568, 567, 566]
  seg7: [346, 276, 277, 278, 279, 280, 281, 557, 556, 282, 283, 284, 555, 558, 559, 561, 560, 285, 286, 287, 288, 289, 290, 291, 292, 293, 294, 295, 296, 297, 306, 305, 298, 299, 300, 301, 302, 304, 303, 307, 308, 309, 310, 311, 312, 313, 314, 315, 316, 317, 318, 319, 320, 340, 341, 342, 343, 344, 345, 334, 335, 336, 337, 338, 339, 321, 322, 323, 324, 325, 327, 328, 330, 332, 331, 329, 326, 349, 350, 351, 352, 353, 354, 355, 356, 357, 358, 359, 360, 361, 362, 348, 333, 347, 363, 364, 365, 366, 367, 368, 426, 369, 370, 371, 372, 373, 374, 375, 376, 377, 378, 379, 380, 381, 425, 417, 424, 422, 423, 421, 420]
  seg8: [419, 418, 416, 415, 413, 412, 411, 410, 409, 408, 407, 406, 405, 404, 414, 382, 383, 384, 403, 402, 385, 386, 387, 388, 389, 390, 391, 62, 61, 60, 58, 59, 57, 64, 65, 63, 392, 393, 394, 395, 401, 400, 399, 398, 397, 396, 47, 46, 45, 44, 43, 42, 41]
  seg9: [55, 56, 54, 53, 52, 51, 50, 49, 48, 40, 39, 38, 37, 66, 67, 68, 69, 70, 77, 76, 71, 74, 73, 72, 75, 78, 79, 27, 29, 30, 33, 34, 35, 36, 32, 31, 28, 26, 93, 92, 94, 91, 80, 81, 82, 83, 84, 85, 86, 87, 88, 89, 90, 95, 96, 2, 1, 3, 4, 25, 24, 23, 22, 21, 20, 19, 18, 17, 16, 15, 14, 13, 12, 11, 10, 5, 6, 7, 8, 9, 143, 142, 144, 145, 146, 147, 148, 149]
  seg10: [230, 232, 233, 234, 235, 231, 227, 178, 226, 224, 223, 190, 189, 188, 187, 186, 185, 184, 183, 182, 177, 176, 175, 174, 173, 172, 171, 170, 169, 168, 167, 166, 165, 164, 163, 162, 161, 160, 159, 156, 155, 154, 153, 157, 158, 150, 140, 141, 138, 139, 151, 152, 137, 136, 135, 179, 228, 229, 180, 181, 132, 134, 133]
  seg11: [225, 222, 221, 220, 219, 191, 218, 192, 193, 194, 195, 196, 197, 198, 203, 204, 202, 199, 200, 201, 205, 206, 207, 208, 209, 210, 211, 212, 213, 217, 216, 214, 215, 237, 238, 243, 244, 250, 251, 249, 248, 245, 247, 246, 242, 241, 240, 239, 236, 97, 98, 100, 99]
  seg12: [252, 253, 254, 255, 257, 256, 131, 130, 129, 128, 258, 259, 260, 261, 262, 263, 127, 126, 125, 124, 123, 266, 267, 265, 264, 268, 269, 270, 110, 273, 272, 271, 109]
  seg13: [107, 106, 105, 104, 103, 102, 101, 108, 274, 111, 275, 114, 494, 113, 112, 495, 496, 497, 498, 499]
