============================================================
GSP Solver - Unified Entry Point
============================================================

Mode: sweep

============================================================
GSP Solver - Phase 1: Sweep
============================================================

Loaded segmented input: 13 segments, 7289.85 nm total
Sweep parameters: l1seg=0 l2seg=60 max_iterations=100 time_limit=0
Set parameter Username
Set parameter LicenseID to value 2769518
Academic license - for non-commercial use only - expires 2027-01-23
Wrote initial sweep snapshot: init 7289.85 nm feasible=true
Starting sweep pass1 across 13 boundaries
  pass1 boundary 1/13: seg1=35 stations -> seg2=63 stations via port_id=19 name=Ísafjörður loc_id=19
    improved: 1143.93 -> 1141.58 nm, gain=2.35 nm, moved_station_marks=6
  pass1 boundary 2/13: seg2=66 stations -> seg3=88 stations via port_id=21 name=Siglufjörður loc_id=21
    improved: 1849.99 -> 1849.50 nm, gain=0.49 nm, moved_station_marks=8
  pass1 boundary 3/13: seg3=92 stations -> seg4=32 stations via port_id=9 name=Eskifjörður loc_id=9
    improved: 1615.28 -> 1612.23 nm, gain=3.05 nm, moved_station_marks=4
  pass1 boundary 4/13: seg4=34 stations -> seg5=48 stations via port_id=1 name=Vestmannaeyjar loc_id=1
    improved: 1104.75 -> 1102.58 nm, gain=2.16 nm, moved_station_marks=2
  pass1 boundary 5/13: seg5=49 stations -> seg6=84 stations via port_id=14 name=Vopnafjörður loc_id=14
    no change
  pass1 boundary 6/13: seg6=84 stations -> seg7=79 stations via port_id=21 name=Siglufjörður loc_id=21
    no change
  pass1 boundary 7/13: seg7=79 stations -> seg8=48 stations via port_id=12 name=Patreksfjörður loc_id=12
    improved: 1381.35 -> 1377.18 nm, gain=4.16 nm, moved_station_marks=2
  pass1 boundary 8/13: seg8=49 stations -> seg9=4 stations via port_id=7 name=Ólafsvík loc_id=7
    improved: 861.77 -> 859.98 nm, gain=1.79 nm, moved_station_marks=4
  pass1 boundary 9/13: seg9=6 stations -> seg10=23 stations via port_id=2 name=Grindarvík loc_id=2
    no change
  pass1 boundary 10/13: seg10=23 stations -> seg11=23 stations via port_id=1 name=Vestmannaeyjar loc_id=1
    no change
  pass1 boundary 11/13: seg11=23 stations -> seg12=42 stations via port_id=2 name=Grindarvík loc_id=2
    improved: 799.05 -> 796.60 nm, gain=2.46 nm, moved_station_marks=2
  pass1 boundary 12/13: seg12=41 stations -> seg13=11 stations via port_id=7 name=Ólafsvík loc_id=7
    improved: 747.95 -> 718.28 nm, gain=29.67 nm, moved_station_marks=52
  pass1 boundary 13/13: seg13=37 stations -> seg1=32 stations via port_id=5 name=Hafnarfjörður loc_id=5
    improved: 896.14 -> 895.86 nm, gain=0.28 nm, moved_station_marks=2
Completed pass1: changed=1 boundary_changes=9 total_distance=7243.43 runtime=1182.52s total=1228.16s
Starting sweep pass2 across 13 boundaries
  pass2 boundary 1/13: seg1=31 stations -> seg2=62 stations via port_id=19 name=Ísafjörður loc_id=19
    no change
  pass2 boundary 2/13: seg2=62 stations -> seg3=90 stations via port_id=21 name=Siglufjörður loc_id=21
    improved: 1820.56 -> 1815.71 nm, gain=4.85 nm, moved_station_marks=12
  pass2 boundary 3/13: seg3=84 stations -> seg4=33 stations via port_id=9 name=Eskifjörður loc_id=9
    improved: 1567.19 -> 1556.37 nm, gain=10.82 nm, moved_station_marks=8
  pass2 boundary 4/13: seg4=29 stations -> seg5=49 stations via port_id=1 name=Vestmannaeyjar loc_id=1
    no change
  pass2 boundary 6/13: seg6=84 stations -> seg7=78 stations via port_id=21 name=Siglufjörður loc_id=21
    no change
  pass2 boundary 7/13: seg7=78 stations -> seg8=47 stations via port_id=12 name=Patreksfjörður loc_id=12
    no change
  pass2 boundary 8/13: seg8=47 stations -> seg9=6 stations via port_id=7 name=Ólafsvík loc_id=7
    no change
  pass2 boundary 10/13: seg10=23 stations -> seg11=24 stations via port_id=1 name=Vestmannaeyjar loc_id=1
    no change
  pass2 boundary 11/13: seg11=24 stations -> seg12=15 stations via port_id=2 name=Grindarvík loc_id=2
    no change
  pass2 boundary 12/13: seg12=15 stations -> seg13=38 stations via port_id=7 name=Ólafsvík loc_id=7
    improved: 722.91 -> 713.69 nm, gain=9.22 nm, moved_station_marks=2
  pass2 boundary 13/13: seg13=37 stations -> seg1=31 stations via port_id=5 name=Hafnarfjörður loc_id=5
    no change
Completed pass2: changed=1 boundary_changes=3 total_distance=7218.55 runtime=986.43s total=2300.93s
Starting sweep pass3 across 13 boundaries
  pass3 boundary 1/13: seg1=31 stations -> seg2=68 stations via port_id=19 name=Ísafjörður loc_id=19
    no change
  pass3 boundary 2/13: seg2=68 stations -> seg3=88 stations via port_id=21 name=Siglufjörður loc_id=21
    no change
  pass3 boundary 3/13: seg3=88 stations -> seg4=29 stations via port_id=9 name=Eskifjörður loc_id=9
    no change
  pass3 boundary 11/13: seg11=24 stations -> seg12=16 stations via port_id=2 name=Grindarvík loc_id=2
    no change
  pass3 boundary 12/13: seg12=16 stations -> seg13=37 stations via port_id=7 name=Ólafsvík loc_id=7
    no change
Completed pass3: changed=0 boundary_changes=0 total_distance=7218.55 runtime=567.15s total=3001.35s
Final segment station order:
  seg1: [264, 265, 124, 125, 126, 127, 128, 129, 131, 204, 203, 198, 197, 196, 195, 194, 193, 192, 218, 217, 191, 189, 224, 225, 227, 231, 235, 234, 233, 232, 230]
  seg2: [133, 134, 132, 181, 180, 229, 228, 179, 135, 136, 152, 153, 154, 174, 175, 176, 178, 226, 182, 177, 171, 172, 173, 155, 156, 157, 158, 150, 139, 151, 138, 137, 1, 2, 95, 90, 91, 89, 88, 87, 86, 85, 84, 83, 82, 81, 80, 75, 72, 73, 74, 71, 76, 68, 67, 37, 38, 40, 41, 42, 43, 44, 45, 46, 48, 49, 50, 51]
  seg3: [39, 47, 396, 392, 63, 65, 64, 57, 59, 58, 60, 61, 62, 391, 390, 386, 385, 383, 420, 421, 423, 422, 424, 425, 370, 369, 368, 367, 366, 365, 361, 360, 359, 358, 357, 356, 353, 349, 329, 331, 332, 330, 328, 327, 324, 322, 321, 340, 320, 319, 318, 317, 316, 315, 314, 313, 312, 288, 289, 310, 311, 309, 308, 307, 303, 304, 302, 301, 300, 299, 298, 305, 306, 297, 296, 295, 294, 293, 292, 291, 290, 286, 287, 283, 282, 556, 281, 341]
  seg4: [566, 567, 568, 565, 564, 563, 562, 554, 285, 553, 548, 546, 545, 544, 538, 536, 535, 532, 530, 529, 528, 527, 526, 524, 525, 579, 580, 523, 522]
  seg5: [521, 578, 575, 577, 574, 576, 531, 533, 534, 572, 573, 571, 570, 569, 537, 539, 543, 542, 540, 541, 549, 547, 550, 551, 552, 284, 555, 558, 560, 561, 559, 557, 280, 279, 278, 342, 343, 277, 276, 346, 345, 344, 339, 338, 337, 335, 334, 347, 363]
  seg6: [364, 362, 348, 333, 336, 323, 325, 326, 350, 351, 352, 354, 355, 373, 372, 374, 375, 376, 377, 379, 378, 371, 426, 381, 380, 411, 410, 408, 407, 406, 405, 404, 409, 412, 413, 415, 416, 417, 418, 419, 414, 382, 384, 403, 402, 387, 388, 389, 401, 400, 399, 398, 397, 395, 394, 393, 52, 53, 54, 55, 56, 66, 36, 35, 34, 33, 32, 31, 30, 29, 28, 27, 26, 93, 4, 3, 96, 94, 92, 79, 78, 77, 70, 69]
  seg7: [20, 19, 21, 22, 23, 24, 25, 5, 6, 7, 8, 9, 10, 11, 12, 14, 13, 18, 17, 16, 15, 143, 142, 144, 145, 146, 147, 148, 141, 140, 149, 159, 160, 161, 162, 163, 164, 165, 166, 167, 168, 169, 170, 183, 184, 185, 186, 187, 188, 190, 219, 223, 222, 221, 220, 216, 213, 214, 215, 237, 238, 243, 244, 250, 251, 249, 248, 245, 247, 246, 242, 241, 240, 239, 236, 97, 98, 100]
  seg8: [99, 252, 253, 271, 272, 273, 270, 269, 268, 262, 261, 260, 254, 255, 257, 256, 205, 206, 207, 208, 209, 210, 211, 212, 200, 201, 199, 202, 130, 258, 259, 263, 470, 469, 466, 473, 475, 115, 114, 275, 274, 108, 101, 102, 103, 104, 105]
  seg9: [106, 107, 468, 467, 464, 460]
  seg10: [444, 449, 451, 452, 454, 455, 459, 458, 457, 456, 453, 448, 447, 446, 445, 443, 442, 441, 439, 438, 434, 433, 432]
  seg11: [515, 516, 520, 519, 518, 517, 427, 428, 429, 430, 431, 435, 436, 437, 440, 512, 513, 514, 511, 510, 509, 508, 507, 506]
  seg12: [505, 450, 504, 503, 502, 501, 500, 499, 498, 497, 496, 495, 112, 113, 494, 111]
  seg13: [109, 110, 119, 120, 266, 267, 123, 471, 472, 122, 121, 118, 117, 116, 476, 478, 474, 465, 479, 481, 480, 477, 493, 492, 491, 490, 489, 482, 483, 463, 484, 462, 461, 485, 486, 487, 488]
