============================================================
GSP Solver - Unified Entry Point
============================================================

Mode: sweep

============================================================
GSP Solver - Phase 1: Sweep
============================================================

Loaded segmented input: 13 segments, 7052.74 nm total
Sweep parameters: l1seg=0 l2seg=60 max_iterations=100 time_limit=0
Set parameter Username
Set parameter LicenseID to value 2769518
Academic license - for non-commercial use only - expires 2027-01-23
Wrote initial sweep snapshot: init 7052.74 nm feasible=true
Starting sweep pass1 across 13 boundaries
  pass1 boundary 1/13: seg1=87 stations -> seg2=58 stations via port_id=20 name=Ólafsfjörður loc_id=20
    improved: 1778.88 -> 1750.27 nm, gain=28.61 nm, moved_station_marks=8
  pass1 boundary 2/13: seg2=62 stations -> seg3=111 stations via port_id=14 name=Vopnafjörður loc_id=14
    no change
  pass1 boundary 3/13: seg3=111 stations -> seg4=43 stations via port_id=9 name=Eskifjörður loc_id=9
    improved: 1843.38 -> 1818.70 nm, gain=24.68 nm, moved_station_marks=2
  pass1 boundary 4/13: seg4=42 stations -> seg5=18 stations via port_id=1 name=Vestmannaeyjar loc_id=1
    no change
  pass1 boundary 5/13: seg5=18 stations -> seg6=33 stations via port_id=1 name=Vestmannaeyjar loc_id=1
    improved: 652.32 -> 638.86 nm, gain=13.46 nm, moved_station_marks=4
  pass1 boundary 6/13: seg6=31 stations -> seg7=8 stations via port_id=2 name=Grindarvík loc_id=2
    no change
  pass1 boundary 7/13: seg7=8 stations -> seg8=37 stations via port_id=2 name=Grindarvík loc_id=2
    improved: 673.30 -> 672.98 nm, gain=0.32 nm, moved_station_marks=4
  pass1 boundary 8/13: seg8=35 stations -> seg9=20 stations via port_id=7 name=Ólafsvík loc_id=7
    improved: 749.33 -> 745.57 nm, gain=3.76 nm, moved_station_marks=2
  pass1 boundary 9/13: seg9=19 stations -> seg10=37 stations via port_id=7 name=Ólafsvík loc_id=7
    no change
  pass1 boundary 10/13: seg10=37 stations -> seg11=41 stations via port_id=12 name=Patreksfjörður loc_id=12
    no change
  pass1 boundary 11/13: seg11=41 stations -> seg12=59 stations via port_id=12 name=Patreksfjörður loc_id=12
    improved: 881.13 -> 855.44 nm, gain=25.70 nm, moved_station_marks=6
  pass1 boundary 12/13: seg12=56 stations -> seg13=28 stations via port_id=19 name=Ísafjörður loc_id=19
    improved: 984.52 -> 953.98 nm, gain=30.54 nm, moved_station_marks=24
  pass1 boundary 13/13: seg13=40 stations -> seg1=83 stations via port_id=5 name=Hafnarfjörður loc_id=5
    improved: 1621.51 -> 1609.58 nm, gain=11.93 nm, moved_station_marks=6
Completed pass1: changed=1 boundary_changes=8 total_distance=6913.74 runtime=1793.78s total=1837.65s
Starting sweep pass2 across 13 boundaries
  pass2 boundary 1/13: seg1=86 stations -> seg2=62 stations via port_id=20 name=Ólafsfjörður loc_id=20
    no change
  pass2 boundary 2/13: seg2=62 stations -> seg3=112 stations via port_id=14 name=Vopnafjörður loc_id=14
    no change
  pass2 boundary 3/13: seg3=112 stations -> seg4=42 stations via port_id=9 name=Eskifjörður loc_id=9
    no change
  pass2 boundary 4/13: seg4=42 stations -> seg5=20 stations via port_id=1 name=Vestmannaeyjar loc_id=1
    no change
  pass2 boundary 5/13: seg5=20 stations -> seg6=31 stations via port_id=1 name=Vestmannaeyjar loc_id=1
    no change
  pass2 boundary 6/13: seg6=31 stations -> seg7=10 stations via port_id=2 name=Grindarvík loc_id=2
    no change
  pass2 boundary 7/13: seg7=10 stations -> seg8=36 stations via port_id=2 name=Grindarvík loc_id=2
    improved: 669.86 -> 666.06 nm, gain=3.80 nm, moved_station_marks=12
  pass2 boundary 8/13: seg8=42 stations -> seg9=19 stations via port_id=7 name=Ólafsvík loc_id=7
    no change
  pass2 boundary 10/13: seg10=37 stations -> seg11=44 stations via port_id=12 name=Patreksfjörður loc_id=12
    no change
  pass2 boundary 11/13: seg11=44 stations -> seg12=44 stations via port_id=12 name=Patreksfjörður loc_id=12
    improved: 770.83 -> 770.82 nm, gain=0.01 nm, moved_station_marks=2
  pass2 boundary 12/13: seg12=45 stations -> seg13=37 stations via port_id=19 name=Ísafjörður loc_id=19
    improved: 932.85 -> 932.21 nm, gain=0.64 nm, moved_station_marks=4
  pass2 boundary 13/13: seg13=35 stations -> seg1=86 stations via port_id=5 name=Hafnarfjörður loc_id=5
    no change
Completed pass2: changed=1 boundary_changes=3 total_distance=6909.29 runtime=1465.73s total=3388.53s
Starting sweep pass3 across 13 boundaries
  pass3 boundary 6/13: seg6=31 stations -> seg7=4 stations via port_id=2 name=Grindarvík loc_id=2
    improved: 533.49 -> 530.21 nm, gain=3.28 nm, moved_station_marks=6
  pass3 boundary 7/13: seg7=7 stations -> seg8=42 stations via port_id=2 name=Grindarvík loc_id=2
    improved: 694.09 -> 691.05 nm, gain=3.04 nm, moved_station_marks=12
  pass3 boundary 8/13: seg8=36 stations -> seg9=19 stations via port_id=7 name=Ólafsvík loc_id=7
    no change
  pass3 boundary 10/13: seg10=37 stations -> seg11=43 stations via port_id=12 name=Patreksfjörður loc_id=12
    no change
  pass3 boundary 11/13: seg11=43 stations -> seg12=47 stations via port_id=12 name=Patreksfjörður loc_id=12
    no change
  pass3 boundary 12/13: seg12=47 stations -> seg13=35 stations via port_id=19 name=Ísafjörður loc_id=19
    no change
Completed pass3: changed=1 boundary_changes=2 total_distance=6902.97 runtime=144.89s total=3661.01s
Starting sweep pass4 across 13 boundaries
  pass4 boundary 5/13: seg5=20 stations -> seg6=28 stations via port_id=1 name=Vestmannaeyjar loc_id=1
    improved: 607.55 -> 593.93 nm, gain=13.62 nm, moved_station_marks=12
  pass4 boundary 6/13: seg6=34 stations -> seg7=13 stations via port_id=2 name=Grindarvík loc_id=2
    no change
  pass4 boundary 7/13: seg7=13 stations -> seg8=36 stations via port_id=2 name=Grindarvík loc_id=2
    no change
Completed pass4: changed=1 boundary_changes=1 total_distance=6889.35 runtime=7.51s total=3836.29s
Starting sweep pass5 across 13 boundaries
  pass5 boundary 4/13: seg4=42 stations -> seg5=14 stations via port_id=1 name=Vestmannaeyjar loc_id=1
    improved: 764.83 -> 761.98 nm, gain=2.85 nm, moved_station_marks=4
  pass5 boundary 5/13: seg5=12 stations -> seg6=34 stations via port_id=1 name=Vestmannaeyjar loc_id=1
    no change
Completed pass5: changed=1 boundary_changes=1 total_distance=6886.50 runtime=15.79s total=4066.09s
Starting sweep pass6 across 13 boundaries
  pass6 boundary 3/13: seg3=112 stations -> seg4=44 stations via port_id=9 name=Eskifjörður loc_id=9
    no change
  pass6 boundary 4/13: seg4=44 stations -> seg5=12 stations via port_id=1 name=Vestmannaeyjar loc_id=1
    no change
Completed pass6: changed=0 boundary_changes=0 total_distance=6886.50 runtime=142.10s total=4467.74s
Final segment station order:
  seg1: [233, 232, 230, 1, 3, 4, 5, 6, 10, 11, 12, 13, 14, 143, 15, 16, 17, 18, 19, 20, 21, 22, 23, 24, 25, 94, 96, 95, 90, 89, 88, 87, 86, 85, 84, 83, 82, 81, 80, 91, 92, 93, 26, 28, 31, 32, 36, 35, 34, 33, 30, 29, 27, 79, 78, 75, 72, 73, 74, 71, 76, 77, 70, 69, 68, 67, 66, 37, 38, 39, 40, 47, 46, 43, 41, 42, 44, 45, 396, 48, 49, 50, 51, 52, 53, 54]
  seg2: [55, 56, 57, 59, 58, 60, 64, 65, 63, 61, 62, 391, 392, 393, 394, 395, 397, 398, 399, 400, 401, 389, 390, 388, 387, 386, 385, 402, 403, 405, 406, 407, 404, 409, 408, 410, 411, 412, 413, 415, 416, 417, 425, 381, 426, 368, 367, 366, 365, 362, 361, 360, 359, 358, 357, 356, 355, 354, 353, 348, 363, 364]
  seg3: [424, 422, 423, 421, 420, 418, 419, 383, 384, 382, 414, 380, 379, 378, 377, 376, 375, 374, 373, 372, 371, 370, 369, 352, 351, 350, 349, 326, 329, 331, 332, 330, 328, 327, 325, 324, 323, 322, 321, 339, 338, 337, 336, 335, 334, 333, 347, 346, 345, 344, 343, 342, 341, 340, 320, 319, 318, 317, 316, 315, 314, 313, 312, 311, 310, 309, 308, 307, 303, 304, 302, 301, 300, 299, 298, 305, 306, 297, 296, 295, 294, 293, 292, 291, 290, 289, 288, 287, 286, 285, 552, 551, 550, 553, 554, 562, 561, 560, 559, 558, 555, 284, 283, 282, 556, 557, 281, 280, 278, 277, 276, 279]
  seg4: [566, 563, 564, 565, 567, 568, 542, 543, 540, 541, 549, 548, 547, 546, 545, 544, 539, 538, 537, 536, 535, 534, 572, 569, 570, 571, 573, 574, 576, 533, 532, 531, 530, 529, 528, 527, 577, 575, 578, 525, 526, 524, 428, 429]
  seg5: [515, 516, 520, 521, 522, 523, 580, 579, 519, 518, 517, 427]
  seg6: [430, 431, 432, 433, 434, 438, 437, 436, 435, 512, 513, 514, 511, 510, 509, 508, 507, 442, 441, 440, 439, 445, 446, 447, 448, 449, 452, 453, 456, 455, 454, 451, 450, 505]
  seg7: [504, 503, 488, 487, 489, 486, 460, 459, 458, 457, 444, 443, 506]
  seg8: [485, 461, 484, 462, 482, 483, 463, 464, 465, 466, 474, 473, 475, 479, 480, 481, 478, 477, 476, 493, 492, 491, 490, 502, 501, 500, 499, 498, 497, 496, 495, 112, 113, 494, 114, 274]
  seg9: [105, 106, 107, 111, 118, 119, 120, 121, 122, 472, 471, 470, 469, 468, 467, 115, 116, 117, 275]
  seg10: [104, 103, 102, 101, 108, 109, 271, 272, 273, 110, 270, 269, 268, 264, 265, 267, 266, 123, 124, 125, 126, 127, 263, 262, 261, 260, 259, 258, 128, 129, 130, 256, 257, 255, 254, 253, 252]
  seg11: [242, 241, 240, 239, 238, 237, 215, 214, 213, 217, 218, 192, 193, 194, 195, 196, 197, 212, 211, 210, 209, 201, 200, 198, 199, 202, 203, 204, 131, 205, 206, 208, 207, 251, 250, 244, 243, 245, 249, 248, 247, 246, 99]
  seg12: [100, 98, 97, 236, 216, 220, 221, 222, 225, 224, 223, 219, 191, 190, 189, 188, 187, 186, 185, 184, 183, 182, 226, 177, 171, 170, 169, 168, 155, 156, 157, 158, 150, 149, 148, 140, 139, 151, 152, 153, 154, 179, 228, 229, 180, 134, 133]
  seg13: [132, 181, 135, 136, 137, 2, 7, 138, 141, 8, 9, 142, 144, 145, 146, 147, 161, 160, 159, 163, 162, 164, 165, 166, 167, 172, 173, 174, 175, 176, 178, 227, 231, 235, 234]
